node:internal/modules/esm/resolve:215
  const resolvedOption = FSLegacyMainResolve(packageJsonUrlString, packageConfig.main, baseStringified);
                         ^

Error: Cannot find package '/home/runner/work/gide/gide/node_modules/http-proxy-middleware/index.js' imported from /home/runner/work/gide/gide/scripts/railway-vscode-server.mjs
    at legacyMainResolve (node:internal/modules/esm/resolve:215:26)
    at packageResolve (node:internal/modules/esm/resolve:860:14)
    at moduleResolve (node:internal/modules/esm/resolve:946:18)
    at defaultResolve (node:internal/modules/esm/resolve:1188:11)
    at ModuleLoader.defaultResolve (node:internal/modules/esm/loader:642:12)
    at #cachedDefaultResolve (node:internal/modules/esm/loader:591:25)
    at ModuleLoader.resolve (node:internal/modules/esm/loader:574:38)
    at ModuleLoader.getModuleJobForImport (node:internal/modules/esm/loader:236:38)
    at ModuleJob._link (node:internal/modules/esm/module_job:130:49) {
  code: 'ERR_MODULE_NOT_FOUND'
}

Node.js v20.19.3
